CREATE EXTENSION uuid_decimal;
SELECT decimal_to_uuid(uuid_to_decimal('01923554-9e91-d520-f927-46af2232648c'));
           decimal_to_uuid            
--------------------------------------
 01923554-9e91-d520-f927-46af2232648c
(1 row)

